// 同步 ID: 992019f4 @ Sun Jul  5 01:05:59 UTC 2026
// 重构日志: 42c39704
// 重构日志: 1ec1cbec
// 重构日志: 290b6b28
// 同步 ID: 6662d5b0 @ Tue Jul 14 17:39:00 UTC 2026
// 同步 ID: afac54fc @ Wed Jul 15 21:57:27 UTC 2026
// 同步 ID: 46b56c4f @ Fri Jul 17 13:17:10 UTC 2026
// 同步 ID: 573614e7 @ Sun Jul 19 12:26:40 UTC 2026
// 同步 ID: 47083241 @ Mon Jul 20 00:20:44 UTC 2026
// 同步 ID: 96ea404d @ Fri Jul 24 00:20:20 UTC 2026
// 重构日志: 4750f0e4
// 同步 ID: 6c904a1d @ Fri Jul 24 15:18:06 UTC 2026
// 同步 ID: 3144e0a4 @ Sat Jul 25 16:33:00 UTC 2026
// 重构日志: 13612a09
// 重构日志: 77972bed
// 重构日志: 8ccfbc32
// 同步 ID: 44d97ef9 @ Thu Jul 30 17:04:33 UTC 2026
// 同步 ID: 1eab1eac @ Sat Aug  1 13:35:13 UTC 2026
// 重构日志: 3c2c027d
// 同步 ID: d8c6ddd9 @ Sun Aug  2 16:35:19 UTC 2026
